
PE0 - LP_GID:144 : START SIMULATION, TASKS COUNT: 98, FIRST TASK: 0, RUN TIME TILL NOW=0.000000 s, CURRENT SIM TIME 0.983464
PE0 - LP_GID:0 : START SIMULATION, TASKS COUNT: 98, FIRST TASK: 0, RUN TIME TILL NOW=0.000000 s, CURRENT SIM TIME 1.005877
Set num_servers per router 4, servers per injection queue per router 4, servers per node copy queue per node 1
[ 1 0 : time at task 0/98 0.000000 ]
[ 0 0 : time at task 0/98 0.000000 ]
[ 1 0 : Begin TRACER_WallTime_Loop 0.000008 ]
[ 0 0 : Begin TRACER_WallTime_Loop 0.000010 ]
[ 1 0 : Begin TRACER_WallTime_InLoop 0.000017 ]
[ 0 0 : Begin TRACER_WallTime_InLoop 0.000021 ]
[ 1 0 : Begin TRACER_WallTime_InLoop 0.000305 ]
[ 0 0 : Begin TRACER_WallTime_InLoop 0.000593 ]
[ 1 0 : End TRACER_WallTime_Loop 0.000654 ]
[ 0 0 : End TRACER_WallTime_Loop 0.001170 ]
