
PE0 - LP_GID:96 : START SIMULATION, TASKS COUNT: 100, FIRST TASK: 0, RUN TIME TILL NOW=0.000000 s, CURRENT SIM TIME 0.599557
PE0 - LP_GID:0 : START SIMULATION, TASKS COUNT: 100, FIRST TASK: 0, RUN TIME TILL NOW=0.000000 s, CURRENT SIM TIME 1.005877
[ 1 0 : time at task 0/100 0.000000 ]
[ 0 0 : time at task 0/100 0.000000 ]
[ 1 0 : Begin TRACER_WallTime_Loop 0.000008 ]
[ 0 0 : Begin TRACER_WallTime_Loop 0.000010 ]
Set num_servers per router 2, servers per injection queue per router 2, servers per node copy queue per node 1
[ 1 0 : Begin TRACER_WallTime_InLoop 0.000017 ]
[ 0 0 : Begin TRACER_WallTime_InLoop 0.000021 ]
[ 1 0 : Begin TRACER_WallTime_InLoop 0.000532 ]
[ 0 0 : Begin TRACER_WallTime_InLoop 0.000836 ]
[ 1 0 : End TRACER_WallTime_Loop 0.001126 ]
GVT #1121: simulation 100% complete, max event queue size 312 (GVT = MAX).
